[backblue.gif]
[fade.gif]
[index.html]
[www.sanco-group.com/index.php/wp-json/oembed/1.0/embed2e04.json]
[www.sanco-group.com/index.php/feed/index.html]
[www.sanco-group.com/index.php/comments/feed/index.html]
[www.sanco-group.com/index.php/wp-json/oembed/1.0/embed3cd8]
[www.sanco-group.com/wp-content/plugins/nextend-smart-slider3-pro/Public/SmartSlider3/Application/Frontend/Assets/dist/n2.minbb71.js]
[www.sanco-group.com/wp-content/plugins/nextend-smart-slider3-pro/Public/SmartSlider3/Application/Frontend/Assets/dist/smartslider-frontend.minbb71.js]
[www.sanco-group.com/wp-content/plugins/nextend-smart-slider3-pro/Public/SmartSlider3/Slider/SliderType/Simple/Assets/dist/ss-simple.minbb71.js]
[www.sanco-group.com/wp-content/plugins/nextend-smart-slider3-pro/Public/SmartSlider3/Widget/Arrow/ArrowImage/Assets/dist/w-arrow-image.minbb71.js]
[www.sanco-group.com/wp-includes/js/jquery/jquery.minf43b.js]
[www.sanco-group.com/wp-includes/js/jquery/jquery-migrate.min5589.js]
[www.sanco-group.com/wp-content/plugins/interactive-3d-flipbook-powered-physics-engine/assets/js/client-locale-loader78bf.js]
[www.sanco-group.com/index.php/wp-json/wp/v2/pages/262.json]
[www.sanco-group.com/index.php/wp-json/index.html]
[www.sanco-group.com/xmlrpc0db0.php]
[www.sanco-group.com/wp-content/uploads/2025/02/40136210_2227963027246229_1263768262554943488_n-150x150.jpg]
[www.sanco-group.com/wp-content/uploads/2025/02/40136210_2227963027246229_1263768262554943488_n-270x270.jpg]
[www.sanco-group.com/wp-content/uploads/2025/02/cropped-logo-1-1.jpg]
[www.sanco-group.com/wp-content/uploads/2025/02/slide2-1024x352-Copy.png]
[www.sanco-group.com/wp-content/uploads/2025/02/4-1.png]
[www.sanco-group.com/wp-content/uploads/2025/02/fact-slider.png]
[www.sanco-group.com/wp-includes/js/dist/hooks.minaf5f.js]
[www.sanco-group.com/wp-includes/js/dist/i18n.min1cde.js]
[www.sanco-group.com/wp-content/plugins/contact-form-7/includes/swv/js/indexb5e1.js]
[www.sanco-group.com/wp-content/plugins/contact-form-7/includes/js/indexb5e1.js]
[www.sanco-group.com/wp-content/themes/education-mind/js/skip-link-focus-fix.min08e0.js]
[www.sanco-group.com/wp-content/themes/education-mind/vendors/cycle2/js/jquery.cycle2.min784e.js]
[www.sanco-group.com/wp-content/themes/education-mind/vendors/sidr/js/jquery.sidr.min77e6.js]
[www.sanco-group.com/wp-content/themes/education-mind/js/custom.min4c56.js]
[www.google.com/recaptcha/api9d2e.js]
[www.sanco-group.com/wp-includes/js/dist/vendor/wp-polyfill.min2c7c.js]
[www.sanco-group.com/wp-content/plugins/contact-form-7/modules/recaptcha/indexb5e1.js]
[www.sanco-group.com/index.html]
[www.sanco-group.com/wp-content/plugins/contact-form-7-image-captcha/css/cf7ic-style7433.css]
[www.sanco-group.com/wp-content/plugins/contact-form-7/includes/css/stylesb5e1.css]
[www.sanco-group.com/wp-content/themes/education-mind/vendors/font-awesome/fonts/fontawesome-webfont3e6e.eot]
[www.sanco-group.com/wp-content/themes/education-mind/vendors/font-awesome/fonts/fontawesome-webfontd41d.eot]
[www.sanco-group.com/wp-content/themes/education-mind/vendors/font-awesome/fonts/fontawesome-webfont3e6e.woff2]
[www.sanco-group.com/wp-content/themes/education-mind/vendors/font-awesome/fonts/fontawesome-webfont3e6e.woff]
[www.sanco-group.com/wp-content/themes/education-mind/vendors/font-awesome/fonts/fontawesome-webfont3e6e.ttf]
[www.sanco-group.com/wp-content/themes/education-mind/vendors/font-awesome/css/font-awesome.min1849.css]
[www.sanco-group.com/wp-content/themes/education-mind/vendors/sidr/css/jquery.sidr.dark.min77e6.css]
[www.sanco-group.com/wp-content/themes/education-mind/style4c56.css]
[www.sanco-group.com/wp-content/plugins/js_composer/assets/vc/alert.png]
[www.sanco-group.com/wp-content/plugins/js_composer/assets/vc/info.png]
[www.sanco-group.com/wp-content/plugins/js_composer/assets/vc/tick.png]
[www.sanco-group.com/wp-content/plugins/js_composer/assets/vc/exclamation.png]
[www.sanco-group.com/wp-content/plugins/js_composer/assets/images/icons/address-book.png]
[www.sanco-group.com/wp-content/plugins/js_composer/assets/images/icons/alarm-clock.png]
[www.sanco-group.com/wp-content/plugins/js_composer/assets/images/icons/anchor.png]
[www.sanco-group.com/wp-content/plugins/js_composer/assets/images/icons/application-image.png]
[www.sanco-group.com/wp-content/plugins/js_composer/assets/images/icons/arrow.png]
[www.sanco-group.com/wp-content/plugins/js_composer/assets/images/icons/asterisk.png]
[www.sanco-group.com/wp-content/plugins/js_composer/assets/images/icons/auction-hammer.png]
[www.sanco-group.com/wp-content/plugins/js_composer/assets/images/icons/balloon.png]
[www.sanco-group.com/wp-content/plugins/js_composer/assets/images/icons/balloon-buzz.png]
[www.sanco-group.com/wp-content/plugins/js_composer/assets/images/icons/balloon-facebook.png]
[www.sanco-group.com/wp-content/plugins/js_composer/assets/images/icons/balloon-twitter.png]
[www.sanco-group.com/wp-content/plugins/js_composer/assets/images/icons/battery-full.png]
[www.sanco-group.com/wp-content/plugins/js_composer/assets/images/icons/binocular.png]
[www.sanco-group.com/wp-content/plugins/js_composer/assets/images/icons/blue-document-excel.png]
[www.sanco-group.com/wp-content/plugins/js_composer/assets/images/icons/blue-document-image.png]
[www.sanco-group.com/wp-content/plugins/js_composer/assets/images/icons/blue-document-music.png]
[www.sanco-group.com/wp-content/plugins/js_composer/assets/images/icons/blue-document-office.png]
[www.sanco-group.com/wp-content/plugins/js_composer/assets/images/icons/blue-document-pdf.png]
[www.sanco-group.com/wp-content/plugins/js_composer/assets/images/icons/blue-document-powerpoint.png]
[www.sanco-group.com/wp-content/plugins/js_composer/assets/images/icons/blue-document-word.png]
[www.sanco-group.com/wp-content/plugins/js_composer/assets/images/icons/bookmark.png]
[www.sanco-group.com/wp-content/plugins/js_composer/assets/images/icons/camcorder.png]
[www.sanco-group.com/wp-content/plugins/js_composer/assets/images/icons/camera.png]
[www.sanco-group.com/wp-content/plugins/js_composer/assets/images/icons/chart.png]
[www.sanco-group.com/wp-content/plugins/js_composer/assets/images/icons/chart-pie.png]
[www.sanco-group.com/wp-content/plugins/js_composer/assets/images/icons/clock.png]
[www.sanco-group.com/wp-content/plugins/js_composer/assets/images/icons/control.png]
[www.sanco-group.com/wp-content/plugins/js_composer/assets/images/icons/fire.png]
[www.sanco-group.com/wp-content/plugins/js_composer/assets/images/icons/heart.png]
[www.sanco-group.com/wp-content/plugins/js_composer/assets/images/icons/mail.png]
[www.sanco-group.com/wp-content/plugins/js_composer/assets/images/icons/plus-shield.png]
[www.sanco-group.com/wp-content/plugins/js_composer/assets/images/icons/video.png]
[www.sanco-group.com/wp-content/plugins/js_composer/assets/fonts/vc_icons_v2/fonts/vcpb-plugin-iconsb82a.eot]
[www.sanco-group.com/wp-content/plugins/js_composer/assets/fonts/vc_icons_v2/fonts/vcpb-plugin-iconsb82a.ttf]
[www.sanco-group.com/wp-content/plugins/js_composer/assets/fonts/vc_icons_v2/fonts/vcpb-plugin-iconsb82a.woff]
[www.sanco-group.com/wp-content/plugins/js_composer/assets/images/toggle_open.png]
[www.sanco-group.com/wp-content/plugins/js_composer/assets/images/toggle_close.png]
[www.sanco-group.com/wp-content/plugins/js_composer/assets/images/flickr.png]
[www.sanco-group.com/wp-content/plugins/js_composer/assets/fonts/vc_grid/vc_grid_v157a1.eot]
[www.sanco-group.com/wp-content/plugins/js_composer/assets/fonts/vc_grid/vc_grid_v1d41d.eot]
[www.sanco-group.com/wp-content/plugins/js_composer/assets/fonts/vc_grid/vc_grid_v157a1.woff]
[www.sanco-group.com/wp-content/plugins/js_composer/assets/fonts/vc_grid/vc_grid_v157a1.ttf]
[www.sanco-group.com/wp-content/plugins/js_composer/assets/images/spinner.gif]
[www.sanco-group.com/wp-content/plugins/js_composer/assets/vc/remove.png]
[www.sanco-group.com/wp-content/plugins/js_composer/assets/css/js_composer.minbdeb.css]
[www.sanco-group.com/wp-content/plugins/nextend-smart-slider3-pro/Public/SmartSlider3/Application/Frontend/Assets/dist/smartslider.minbb71.css]
[www.sanco-group.com/wp-content/uploads/2019/10/pattern7.html]
[www.sanco-group.com/index.php/wp-json/oembed/1.0/embedebfc.json]
[www.sanco-group.com/index.php/wp-json/oembed/1.0/embed56a6]
[www.sanco-group.com/index.php/wp-json/wp/v2/pages/413.json]
[www.sanco-group.com/wp-content/plugins/js_composer/assets/js/dist/js_composer_front.minbdeb.js]
[www.sanco-group.com/index.php/our-company/index.html]
[www.sanco-group.com/index.php/wp-json/oembed/1.0/embed2e6c.json]
[www.sanco-group.com/index.php/wp-json/oembed/1.0/embed5133]
[www.sanco-group.com/index.php/wp-json/wp/v2/pages/594.json]
[www.sanco-group.com/index.php/our-company/introduction/index.html]
[www.sanco-group.com/index.php/wp-json/oembed/1.0/embed64b5.json]
[www.sanco-group.com/index.php/wp-json/oembed/1.0/embed9018]
[www.sanco-group.com/index.php/wp-json/wp/v2/pages/597.json]
[www.sanco-group.com/index.php/our-company/gm-message/index.html]
[www.sanco-group.com/index.php/wp-json/oembed/1.0/embedd189.json]
[www.sanco-group.com/index.php/wp-json/oembed/1.0/embed710b]
[www.sanco-group.com/index.php/wp-json/wp/v2/pages/95.json]
[www.sanco-group.com/index.php/our-company/our-vision-mission/index.html]
[www.sanco-group.com/index.php/wp-json/oembed/1.0/embeda74a.json]
[www.sanco-group.com/index.php/wp-json/oembed/1.0/embed8ed4]
[www.sanco-group.com/index.php/wp-json/wp/v2/pages/363.json]
[www.sanco-group.com/index.php/divisions-factories/index.html]
[www.sanco-group.com/index.php/wp-json/oembed/1.0/embede5c7.json]
[www.sanco-group.com/index.php/wp-json/oembed/1.0/embed132a]
[www.sanco-group.com/index.php/wp-json/wp/v2/pages/101.json]
[www.sanco-group.com/wp-content/uploads/2025/02/DSC_0252-copy2.jpg]
[www.sanco-group.com/wp-content/plugins/js_composer/assets/lib/bower/lightbox2/dist/js/lightbox.minbdeb.js]
[www.sanco-group.com/wp-content/plugins/js_composer/assets/lib/bower/twbs-pagination/jquery.twbsPagination.minbdeb.js]
[www.sanco-group.com/wp-content/plugins/js_composer/assets/lib/owl-carousel2-dist/owl.carousel.minbdeb.js]
[www.sanco-group.com/wp-content/plugins/js_composer/assets/lib/bower/imagesloaded/imagesloaded.pkgd.minbdeb.js]
[www.sanco-group.com/wp-includes/js/underscore.min3ab8.js]
[www.sanco-group.com/wp-content/plugins/js_composer/assets/lib/vc_waypoints/vc-waypoints.minbdeb.js]
[www.sanco-group.com/wp-content/plugins/js_composer/assets/js/dist/vc_grid.minbdeb.js]
[www.sanco-group.com/index.php/divisions-factories/yanbu-block-factory/index.html]
[www.sanco-group.com/index.php/wp-json/oembed/1.0/embed2e1f.json]
[www.sanco-group.com/index.php/wp-json/oembed/1.0/embed125c]
[www.sanco-group.com/index.php/wp-json/wp/v2/pages/116.json]
[www.sanco-group.com/wp-content/uploads/2025/02/20181216_112742_resized-1-498x1024.jpg]
[www.sanco-group.com/index.php/divisions-factories/asphalt-milling-plant/index.html]
[www.sanco-group.com/index.php/wp-json/oembed/1.0/embed3645.json]
[www.sanco-group.com/index.php/wp-json/oembed/1.0/embedee67]
[www.sanco-group.com/index.php/wp-json/wp/v2/pages/114.json]
[www.sanco-group.com/wp-content/uploads/2025/02/IMG-20181216-WA0062-1024x768.jpg]
[www.sanco-group.com/index.php/divisions-factories/road-painting-safety-division/index.html]
[www.sanco-group.com/index.php/wp-json/oembed/1.0/embedabb1.json]
[www.sanco-group.com/index.php/wp-json/oembed/1.0/embedc591]
[www.sanco-group.com/index.php/wp-json/wp/v2/pages/108.json]
[www.sanco-group.com/wp-content/uploads/2025/02/20181217_154034_resized-1024x498.jpg]
[www.sanco-group.com/index.php/crusher-plant/index.html]
[www.sanco-group.com/index.php/wp-json/oembed/1.0/embed5691.json]
[www.sanco-group.com/index.php/wp-json/oembed/1.0/embed94d0]
[www.sanco-group.com/index.php/wp-json/wp/v2/pages/109.json]
[www.sanco-group.com/wp-content/uploads/2025/02/20181231_112719_resized-1024x498.jpg]
[www.sanco-group.com/index.php/divisions-factories/contracting-division/index.html]
[www.sanco-group.com/index.php/wp-json/oembed/1.0/embedc21f.json]
[www.sanco-group.com/index.php/wp-json/oembed/1.0/embed2698]
[www.sanco-group.com/index.php/wp-json/wp/v2/pages/117.json]
[www.sanco-group.com/wp-content/uploads/2025/02/4-1-1024x576.png]
[www.sanco-group.com/index.php/divisions-factories/road-contracting-division/index.html]
[www.sanco-group.com/index.php/wp-json/oembed/1.0/embed932d.json]
[www.sanco-group.com/index.php/wp-json/oembed/1.0/embed2cee]
[www.sanco-group.com/index.php/wp-json/wp/v2/pages/301.json]
[www.sanco-group.com/wp-content/uploads/2025/02/slide2-1024x352-1.png]
[www.sanco-group.com/wp-content/plugins/js_composer/assets/lib/vc_accordion/vc-accordion.minbdeb.js]
[www.sanco-group.com/wp-content/plugins/js_composer/assets/lib/vc-tta-autoplay/vc-tta-autoplay.minbdeb.js]
[www.sanco-group.com/wp-content/plugins/js_composer/assets/lib/vc_tabs/vc-tabs.minbdeb.js]
[www.sanco-group.com/index.php/quipment-rental/index.html]
[www.sanco-group.com/index.php/wp-json/oembed/1.0/embed5b65.json]
[www.sanco-group.com/index.php/wp-json/oembed/1.0/embedfedf]
[www.sanco-group.com/index.php/wp-json/wp/v2/pages/99.json]
[www.sanco-group.com/index.php/divisions-factories/yanbu-block-factory/concrete-products/index.html]
[www.sanco-group.com/index.php/wp-json/oembed/1.0/embedb56b.json]
[www.sanco-group.com/index.php/wp-json/oembed/1.0/embedba3f]
[www.sanco-group.com/index.php/wp-json/wp/v2/pages/364.json]
[www.sanco-group.com/wp-content/plugins/akismet/_inc/akismet-frontend5936.js]
[www.sanco-group.com/index.php/contact-us/index.html]
[www.sanco-group.com/wp-content/themes/education-mind/vendors/font-awesome/fonts/fontawesome-webfont3e6e.svg]
[www.sanco-group.com/wp-content/plugins/js_composer/assets/fonts/vc_icons_v2/fonts/vcpb-plugin-iconsb82a.svg]
[www.sanco-group.com/wp-content/plugins/js_composer/assets/vc/blur.svg]
[www.sanco-group.com/wp-content/plugins/js_composer/assets/fonts/vc_grid/vc_grid_v157a1.svg]
[www.sanco-group.com/index672e.html]
[www.sanco-group.com/wp-content/uploads/2019/10/cropped-cover.html]
[www.sanco-group.com/index3e9a.html]
[www.sanco-group.com/index53ba.html]
[www.sanco-group.com/index5eda.html]
[www.sanco-group.com/index481e.html]
[www.sanco-group.com/index198a.html]
[www.sanco-group.com/wp-content/plugins/js_composer/assets/lib/bower/lightbox2/dist/images/loading.gif]
[www.sanco-group.com/wp-content/plugins/js_composer/assets/lib/bower/lightbox2/dist/css/lightbox.minbdeb.css]
[www.sanco-group.com/wp-content/plugins/js_composer/assets/lib/owl-carousel2-dist/assets/owl.video.play.png]
[www.sanco-group.com/wp-content/plugins/js_composer/assets/lib/owl-carousel2-dist/assets/owl.minbdeb.css]
[www.sanco-group.com/wp-content/plugins/js_composer/assets/lib/bower/animate-css/animate.minbdeb.css]
[www.sanco-group.com/indexd78c.html]
[www.sanco-group.com/index30a5.html]
[www.sanco-group.com/index460d.html]
[www.sanco-group.com/indexe887.html]
[www.sanco-group.com/index8320.html]
[www.sanco-group.com/index8a7d.html]
[www.sanco-group.com/wp-content/plugins/js_composer/assets/css/js_composer_tta.minbdeb.css]
[www.sanco-group.com/wp-content/uploads/2019/10/Cranes1-1024x757.html]
[www.sanco-group.com/wp-content/uploads/2019/10/Excavators1-1024x757.html]
[www.sanco-group.com/wp-content/uploads/2019/10/Skid-Steer-Loaders1-1024x757.html]
[www.sanco-group.com/wp-content/uploads/2019/10/Backhoe-Loaders1-1024x757.html]
[www.sanco-group.com/wp-content/uploads/2019/10/Forklift1-1024x757.html]
[www.sanco-group.com/wp-content/uploads/2019/10/AirCompressors1-1024x757.html]
[www.sanco-group.com/wp-content/uploads/2019/10/Trailers1-1024x757.html]
[www.sanco-group.com/wp-content/uploads/2019/10/Telescopic-Handlers1-1024x757.html]
[www.sanco-group.com/wp-content/uploads/2019/10/Generators1-1024x757.html]
[www.sanco-group.com/wp-content/uploads/2019/10/Light-Tower1-1024x757.html]
[www.sanco-group.com/wp-content/uploads/2019/10/Scissor-Lifts1-1024x757.html]
[www.sanco-group.com/wp-content/uploads/2019/10/Boom-Trucks1-1024x757.html]
[www.sanco-group.com/index5401.html]
[www.sanco-group.com/index0364.html]
